// Jest Snapshot v1, https://goo.gl/fbAQLP

exports[`Favorites snapshot tests should match snapshot 1`] = `
<div>
  <div />
  <div />
  <div />
</div>
`;
