// Jest Snapshot v1, https://goo.gl/fbAQLP

exports[`PropertiesSearchForm snapshot tests should match snapshot 1`] = `
<form
  onSubmit={[Function]}
>
  <input
    name="location"
    onChange={[Function]}
    placeholder="location"
    type=""
    value=""
  />
  <input
    min={0}
    name="fromPrice"
    onChange={[Function]}
    type="number"
    value={0}
  />
  <input
    max={5000000}
    name="toPrice"
    onChange={[Function]}
    type="number"
    value={5000000}
  />
  <label
    htmlFor="bedroom"
  >
    <FontAwesomeIcon
      border={false}
      className=""
      fixedWidth={false}
      flip={null}
      icon={
        Object {
          "icon": Array [
            640,
            512,
            Array [],
            "f236",
            "M176 256c44.11 0 80-35.89 80-80s-35.89-80-80-80-80 35.89-80 80 35.89 80 80 80zm352-128H304c-8.84 0-16 7.16-16 16v144H64V80c0-8.84-7.16-16-16-16H16C7.16 64 0 71.16 0 80v352c0 8.84 7.16 16 16 16h32c8.84 0 16-7.16 16-16v-48h512v48c0 8.84 7.16 16 16 16h32c8.84 0 16-7.16 16-16V240c0-61.86-50.14-112-112-112z",
          ],
          "iconName": "bed",
          "prefix": "fas",
        }
      }
      inverse={false}
      listItem={false}
      mask={null}
      pull={null}
      pulse={false}
      rotation={null}
      size={null}
      spin={false}
      swapOpacity={false}
      symbol={false}
      title=""
      transform={null}
    />
  </label>
  <select
    name="bedrooms"
    onChange={[Function]}
  >
    <option
      value="0"
    >
      any
    </option>
    <option>
      1
    </option>
    <option>
      2
    </option>
    <option>
      3
    </option>
    <option>
      4
    </option>
    <option>
      5
    </option>
    <option>
      6
    </option>
    <option>
      7
    </option>
  </select>
  <button />
</form>
`;
