// Jest Snapshot v1, https://goo.gl/fbAQLP

exports[`properties snapshot tests should match snapshot 1`] = `
<section>
  <PropertiesSearchForm />
  <PropertiesList />
  <PropertiesPagination
    getProperties={[Function]}
    selector={[Function]}
    setCurrentProperties={[Function]}
  />
</section>
`;
